make -C ../src clean
make[1]: Entering directory '/home/mihai/SO/Tema3/assignment-parallel-graph/src'
rm -f serial.o os_graph.o ../utils/log/log.o parallel.o os_graph.o os_threadpool.o ../utils/log/log.o
rm -f serial parallel
rm -f *~
make[1]: Leaving directory '/home/mihai/SO/Tema3/assignment-parallel-graph/src'
rm -f *~
make -i SRC_PATH=../src
make[1]: Entering directory '/home/mihai/SO/Tema3/assignment-parallel-graph/tests'
make -C ../src UTILS_PATH=/home/mihai/SO/Tema3/assignment-parallel-graph/utils
make[2]: Entering directory '/home/mihai/SO/Tema3/assignment-parallel-graph/src'
cc -Wall -Wextra -g -O0 -I/home/mihai/SO/Tema3/assignment-parallel-graph/utils  -c -o serial.o serial.c
cc -Wall -Wextra -g -O0 -I/home/mihai/SO/Tema3/assignment-parallel-graph/utils  -c -o os_graph.o os_graph.c
cc -I/home/mihai/SO/Tema3/assignment-parallel-graph/utils -Wall -Wextra -g -O0 -c -o /home/mihai/SO/Tema3/assignment-parallel-graph/utils/log/log.o /home/mihai/SO/Tema3/assignment-parallel-graph/utils/log/log.c
cc -o serial serial.o os_graph.o /home/mihai/SO/Tema3/assignment-parallel-graph/utils/log/log.o
cc -Wall -Wextra -g -O0 -I/home/mihai/SO/Tema3/assignment-parallel-graph/utils  -c -o parallel.o parallel.c
cc -Wall -Wextra -g -O0 -I/home/mihai/SO/Tema3/assignment-parallel-graph/utils  -c -o os_threadpool.o os_threadpool.c
cc -o parallel parallel.o os_graph.o os_threadpool.o /home/mihai/SO/Tema3/assignment-parallel-graph/utils/log/log.o -lpthread
make[2]: Leaving directory '/home/mihai/SO/Tema3/assignment-parallel-graph/src'
make[1]: Leaving directory '/home/mihai/SO/Tema3/assignment-parallel-graph/tests'
SRC_PATH=../src python checker.py
test1.in                         ....................... failed ...   0.0
test2.in                         ....................... failed ...   0.0
test3.in                         ....................... failed ...   0.0
test4.in                         ....................... failed ...   0.0
test5.in                         ....................... failed ...   0.0
test6.in                         ....................... failed ...   0.0
test7.in                         ....................... failed ...   0.0
test8.in                         ....................... failed ...   0.0
test9.in                         ....................... failed ...   0.0
test10.in                        ....................... failed ...   0.0
test11.in                        ....................... failed ...   0.0
test12.in                        ....................... failed ...   0.0
test13.in                        ....................... failed ...   0.0
test14.in                        ....................... failed ...   0.0
test15.in                        ....................... failed ...   0.0
test16.in                        ....................... failed ...   0.0
test17.in                        ....................... failed ...   0.0
test18.in                        ....................... failed ...   0.0
test19.in                        ....................... failed ...   0.0
test20.in                        ....................... failed ...   0.0

Checker:                                                              0/100
