cd ../src/.. && checkpatch.pl -f src/*.c
/bin/sh: line 1: checkpatch.pl: command not found
make: [Makefile:16: lint] Error 127 (ignored)
cd ../src/.. && cpplint --recursive src/
/bin/sh: line 1: cpplint: command not found
make: [Makefile:17: lint] Error 127 (ignored)
cd ../src/.. && shellcheck tests/*.sh
/bin/sh: line 1: shellcheck: command not found
make: [Makefile:18: lint] Error 127 (ignored)
cd ../src/.. && pylint tests/*.py
/bin/sh: line 1: pylint: command not found
make: [Makefile:19: lint] Error 127 (ignored)
